  [assets] sizelen NaN filled: 71706 rows, median=1.130, +missing_flag
[B] split=model fold=3 fit=(92m×798t)
/root/miniconda3/envs/udet/lib/python3.12/site-packages/sklearn/linear_model/_ridge.py:227: LinAlgWarning: An ill-conditioned matrix detected: slice 0 has rcond = 4.909187432965226e-19.
  return linalg.solve(A, Xy, assume_a="pos", overwrite_a=True).T
    train A_only seed0
    train A_only seed1
    train A_only seed2
    train zero_A seed0
    train zero_A seed1
    train zero_A seed2
    train SA_full seed0
    train SA_full seed1
    train SA_full seed2
    train roleblind seed0
    train roleblind seed1
    train roleblind seed2
    train oracle seed0
    train oracle seed1
    train oracle seed2
    train rb_shuffle seed0
    train rb_shuffle seed1
    train rb_shuffle seed2
    [model_train][A_only] mb=0.9901 ci=[0.9886128364389234, 0.9915549743925031]
    [model_train][zero_A] mb=0.9900 ci=[0.9885038683665685, 0.9913915222839706]
    [model_train][SA_full] mb=0.9994 ci=[0.9990737713849842, 0.999727579819113]
    [model_train][roleblind] mb=0.9958 ci=[0.9948785005993244, 0.9967309578293562]
    [model_train][oracle] mb=0.9982 ci=[0.997548218372017, 0.9987468671679198]
    [model_train][rb_shuffle] mb=0.9921 ci=[0.9906832298136646, 0.9935163996948893]
    [model_dev][A_only] mb=0.9705 ci=[0.9646580218662597, 0.9766081871345027]
    [model_dev][zero_A] mb=0.9662 ci=[0.9593185863208744, 0.9730485634375793]
    [model_dev][SA_full] mb=0.9985 ci=[0.9966946351385709, 0.9997457411645054]
    [model_dev][roleblind] mb=0.9664 ci=[0.9567759979659292, 0.9755911517925245]
    [model_dev][oracle] mb=0.9919 ci=[0.9890668700737351, 0.9944063056191202]
    [model_dev][rb_shuffle] mb=0.9499 ci=[0.9387236206458173, 0.9614861428934653]
[B] done model/3 in 138.6s
