  [assets] sizelen NaN filled: 71706 rows, median=1.130, +missing_flag
[B] split=model fold=0 fit=(92m×798t)
/root/miniconda3/envs/udet/lib/python3.12/site-packages/sklearn/linear_model/_ridge.py:227: LinAlgWarning: An ill-conditioned matrix detected: slice 0 has rcond = 2.4575961990450426e-19.
  return linalg.solve(A, Xy, assume_a="pos", overwrite_a=True).T
    train A_only seed0
    train A_only seed1
    train A_only seed2
    train zero_A seed0
    train zero_A seed1
    train zero_A seed2
    train SA_full seed0
    train SA_full seed1
    train SA_full seed2
    train roleblind seed0
    train roleblind seed1
    train roleblind seed2
    train oracle seed0
    train oracle seed1
    train oracle seed2
    train rb_shuffle seed0
    train rb_shuffle seed1
    train rb_shuffle seed2
    [model_train][A_only] mb=0.9884 ci=[0.986923831317424, 0.9898659692710037]
    [model_train][zero_A] mb=0.9882 ci=[0.9867058951727145, 0.989648033126294]
    [model_train][SA_full] mb=0.9992 ci=[0.9987468671679198, 0.9995641277105808]
    [model_train][roleblind] mb=0.9932 ci=[0.9920453307180995, 0.9942532962841889]
    [model_train][oracle] mb=0.9986 ci=[0.9981475427699685, 0.9991282554211616]
    [model_train][rb_shuffle] mb=0.9892 ci=[0.9876321237877302, 0.9905483818241254]
    [model_dev][A_only] mb=0.9753 ci=[0.9689804220696667, 0.9804220696669207]
    [model_dev][zero_A] mb=0.9695 ci=[0.9618611746758197, 0.9766081871345027]
    [model_dev][SA_full] mb=0.9997 ci=[0.9992372234935164, 1.0]
    [model_dev][roleblind] mb=0.9720 ci=[0.9632532418001524, 0.9796720061022118]
    [model_dev][oracle] mb=0.9936 ci=[0.9900839054157131, 0.9964403763030765]
    [model_dev][rb_shuffle] mb=0.9494 ci=[0.9382151029748282, 0.9603356216628526]
[B] done model/0 in 169.1s
