  [assets] sizelen NaN filled: 71706 rows, median=1.130, +missing_flag
[B] split=model fold=4 fit=(92m×798t)
/root/miniconda3/envs/udet/lib/python3.12/site-packages/sklearn/linear_model/_ridge.py:227: LinAlgWarning: An ill-conditioned matrix detected: slice 0 has rcond = 5.30127098803208e-19.
  return linalg.solve(A, Xy, assume_a="pos", overwrite_a=True).T
    train A_only seed0
    train A_only seed1
    train A_only seed2
    train zero_A seed0
    train zero_A seed1
    train zero_A seed2
    train SA_full seed0
    train SA_full seed1
    train SA_full seed2
    train roleblind seed0
    train roleblind seed1
    train roleblind seed2
    train oracle seed0
    train oracle seed1
    train oracle seed2
    train rb_shuffle seed0
    train rb_shuffle seed1
    train rb_shuffle seed2
    [model_train][A_only] mb=0.9873 ci=[0.9854786422578182, 0.9889165849406124]
    [model_train][zero_A] mb=0.9865 ci=[0.9844979296066253, 0.9883690203770297]
    [model_train][SA_full] mb=0.9994 ci=[0.9990192873488069, 0.9997275798191131]
    [model_train][roleblind] mb=0.9936 ci=[0.9923436308161709, 0.9946605644546149]
    [model_train][oracle] mb=0.9985 ci=[0.9979840906614362, 0.9990737713849842]
    [model_train][rb_shuffle] mb=0.9908 ci=[0.989266644873052, 0.9921284188732703]
    [model_dev][A_only] mb=0.9639 ci=[0.9540999237223492, 0.9722857869310957]
    [model_dev][zero_A] mb=0.9664 ci=[0.9571510297482837, 0.9739448258326976]
    [model_dev][SA_full] mb=0.9977 ci=[0.9957983727434528, 0.9992372234935164]
    [model_dev][roleblind] mb=0.9669 ci=[0.9593185863208746, 0.9736905669972029]
    [model_dev][oracle] mb=0.9942 ci=[0.9913551995931857, 0.9964403763030765]
    [model_dev][rb_shuffle] mb=0.9410 ci=[0.9280447495550471, 0.9543668954996182]
[B] done model/4 in 151.8s
