nohup: ignoring input
[1] load split + samples
  samples=10659 (test rows excluded=1881)
[2] style/metadata features
  style (10659, 92) in 9.9s
[3] CodeT5-small embedding (GPU)
Loading weights:   0%|          | 0/52 [00:00<?, ?it/s]Loading weights: 100%|██████████| 52/52 [00:00<00:00, 1747.00it/s]
[transformers] [1mT5EncoderModel LOAD REPORT[0m from: /root/autodl-tmp/u-det/d-det/models/codet5-small
Key            | Status     |  | 
---------------+------------+--+-
lm_head.weight | UNEXPECTED |  | 

Notes:
- UNEXPECTED:	can be ignored when loading from different task/architecture; not ok if you expect identical arch.
  small (10659, 512) in 27.2s
[4] CodeT5-base embedding (GPU)
Loading weights:   0%|          | 0/100 [00:00<?, ?it/s]Loading weights: 100%|██████████| 100/100 [00:00<00:00, 4305.29it/s]
[transformers] [1mT5EncoderModel LOAD REPORT[0m from: /root/autodl-tmp/u-det/d-det/checkpoints/codet5-base
Key            | Status     |  | 
---------------+------------+--+-
lm_head.weight | UNEXPECTED |  | 

Notes:
- UNEXPECTED:	can be ignored when loading from different task/architecture; not ok if you expect identical arch.
  base (10659, 768) in 55.6s
feat-only done in 97.3s
