nohup: ignoring input
  [assets] sizelen NaN filled: 71706 rows, median=1.130, +missing_flag
[A] tasks train=798 dev=171; members=11; folds=48
/root/miniconda3/envs/udet/lib/python3.12/site-packages/sklearn/linear_model/_logistic.py:599: ConvergenceWarning: lbfgs failed to converge after 2000 iteration(s) (status=1):
STOP: TOTAL NO. OF ITERATIONS REACHED LIMIT

Increase the number of iterations to improve the convergence (max_iter=2000).
You might also want to scale the data as shown in:
    https://scikit-learn.org/stable/modules/preprocessing.html
Please also refer to the documentation for alternative solver options:
    https://scikit-learn.org/stable/modules/linear_model.html#logistic-regression
  n_iter_i = _check_optimize_result(
[A] fold0 (codellama--CodeLlama...) endpoint(anchor/partner)=0.500/0.500 compose=0.8075 q=0.6275 P0c=0.7847 P0p=0.6947 resid=0.8021 gamma=[1.038195013999939, 1.0394337177276611, 1.0355210304260254] (19s)
/root/miniconda3/envs/udet/lib/python3.12/site-packages/sklearn/linear_model/_logistic.py:599: ConvergenceWarning: lbfgs failed to converge after 2000 iteration(s) (status=1):
STOP: TOTAL NO. OF ITERATIONS REACHED LIMIT

Increase the number of iterations to improve the convergence (max_iter=2000).
You might also want to scale the data as shown in:
    https://scikit-learn.org/stable/modules/preprocessing.html
Please also refer to the documentation for alternative solver options:
    https://scikit-learn.org/stable/modules/linear_model.html#logistic-regression
  n_iter_i = _check_optimize_result(
[A] fold1 (codellama--CodeLlama...) endpoint(anchor/partner)=0.500/0.500 compose=0.8559 q=0.6824 P0c=0.7441 P0p=0.7647 resid=0.8616 gamma=[1.0334631204605103, 1.034684181213379, 1.031428337097168] (14s)
/root/miniconda3/envs/udet/lib/python3.12/site-packages/sklearn/linear_model/_logistic.py:599: ConvergenceWarning: lbfgs failed to converge after 2000 iteration(s) (status=1):
STOP: TOTAL NO. OF ITERATIONS REACHED LIMIT

Increase the number of iterations to improve the convergence (max_iter=2000).
You might also want to scale the data as shown in:
    https://scikit-learn.org/stable/modules/preprocessing.html
Please also refer to the documentation for alternative solver options:
    https://scikit-learn.org/stable/modules/linear_model.html#logistic-regression
  n_iter_i = _check_optimize_result(
[A] fold2 (codellama--CodeLlama...) endpoint(anchor/partner)=0.500/0.500 compose=0.8666 q=0.6689 P0c=0.4437 P0p=0.7491 resid=0.8720 gamma=[1.0334049463272095, 1.0347503423690796, 1.0313056707382202] (14s)
/root/miniconda3/envs/udet/lib/python3.12/site-packages/sklearn/linear_model/_logistic.py:599: ConvergenceWarning: lbfgs failed to converge after 2000 iteration(s) (status=1):
STOP: TOTAL NO. OF ITERATIONS REACHED LIMIT

Increase the number of iterations to improve the convergence (max_iter=2000).
You might also want to scale the data as shown in:
    https://scikit-learn.org/stable/modules/preprocessing.html
Please also refer to the documentation for alternative solver options:
    https://scikit-learn.org/stable/modules/linear_model.html#logistic-regression
  n_iter_i = _check_optimize_result(
[A] fold3 (codellama--CodeLlama...) endpoint(anchor/partner)=0.500/0.500 compose=0.8635 q=0.6832 P0c=0.7413 P0p=0.7557 resid=0.8675 gamma=[1.0353672504425049, 1.037190556526184, 1.0333324670791626] (14s)
/root/miniconda3/envs/udet/lib/python3.12/site-packages/sklearn/linear_model/_logistic.py:599: ConvergenceWarning: lbfgs failed to converge after 2000 iteration(s) (status=1):
STOP: TOTAL NO. OF ITERATIONS REACHED LIMIT

Increase the number of iterations to improve the convergence (max_iter=2000).
You might also want to scale the data as shown in:
    https://scikit-learn.org/stable/modules/preprocessing.html
Please also refer to the documentation for alternative solver options:
    https://scikit-learn.org/stable/modules/linear_model.html#logistic-regression
  n_iter_i = _check_optimize_result(
[A] fold4 (codellama--CodeLlama...) endpoint(anchor/partner)=0.500/0.500 compose=0.7863 q=0.6354 P0c=0.3984 P0p=0.7030 resid=0.7854 gamma=[1.0326873064041138, 1.0314463376998901, 1.031400442123413] (17s)
/root/miniconda3/envs/udet/lib/python3.12/site-packages/sklearn/linear_model/_logistic.py:599: ConvergenceWarning: lbfgs failed to converge after 2000 iteration(s) (status=1):
STOP: TOTAL NO. OF ITERATIONS REACHED LIMIT

Increase the number of iterations to improve the convergence (max_iter=2000).
You might also want to scale the data as shown in:
    https://scikit-learn.org/stable/modules/preprocessing.html
Please also refer to the documentation for alternative solver options:
    https://scikit-learn.org/stable/modules/linear_model.html#logistic-regression
  n_iter_i = _check_optimize_result(
[A] fold5 (codellama--CodeLlama...) endpoint(anchor/partner)=0.500/0.500 compose=0.8323 q=0.6819 P0c=0.6031 P0p=0.7648 resid=0.8452 gamma=[1.0245933532714844, 1.0238120555877686, 1.022603988647461] (18s)
/root/miniconda3/envs/udet/lib/python3.12/site-packages/sklearn/linear_model/_logistic.py:599: ConvergenceWarning: lbfgs failed to converge after 2000 iteration(s) (status=1):
STOP: TOTAL NO. OF ITERATIONS REACHED LIMIT

Increase the number of iterations to improve the convergence (max_iter=2000).
You might also want to scale the data as shown in:
    https://scikit-learn.org/stable/modules/preprocessing.html
Please also refer to the documentation for alternative solver options:
    https://scikit-learn.org/stable/modules/linear_model.html#logistic-regression
  n_iter_i = _check_optimize_result(
[A] fold6 (codellama--CodeLlama...) endpoint(anchor/partner)=0.500/0.500 compose=0.8401 q=0.6771 P0c=0.4981 P0p=0.7756 resid=0.8536 gamma=[1.0249297618865967, 1.023352026939392, 1.0223606824874878] (14s)
/root/miniconda3/envs/udet/lib/python3.12/site-packages/sklearn/linear_model/_logistic.py:599: ConvergenceWarning: lbfgs failed to converge after 2000 iteration(s) (status=1):
STOP: TOTAL NO. OF ITERATIONS REACHED LIMIT

Increase the number of iterations to improve the convergence (max_iter=2000).
You might also want to scale the data as shown in:
    https://scikit-learn.org/stable/modules/preprocessing.html
Please also refer to the documentation for alternative solver options:
    https://scikit-learn.org/stable/modules/linear_model.html#logistic-regression
  n_iter_i = _check_optimize_result(
[A] fold7 (codellama--CodeLlama...) endpoint(anchor/partner)=0.500/0.500 compose=0.8355 q=0.6700 P0c=0.6348 P0p=0.7573 resid=0.8471 gamma=[1.0283329486846924, 1.0272927284240723, 1.0250457525253296] (14s)
/root/miniconda3/envs/udet/lib/python3.12/site-packages/sklearn/linear_model/_logistic.py:599: ConvergenceWarning: lbfgs failed to converge after 2000 iteration(s) (status=1):
STOP: TOTAL NO. OF ITERATIONS REACHED LIMIT

Increase the number of iterations to improve the convergence (max_iter=2000).
You might also want to scale the data as shown in:
    https://scikit-learn.org/stable/modules/preprocessing.html
Please also refer to the documentation for alternative solver options:
    https://scikit-learn.org/stable/modules/linear_model.html#logistic-regression
  n_iter_i = _check_optimize_result(
[A] fold8 (codellama--CodeLlama...) endpoint(anchor/partner)=0.500/0.500 compose=0.8268 q=0.6468 P0c=0.6700 P0p=0.7354 resid=0.8198 gamma=[1.0173285007476807, 1.013747215270996, 1.0083967447280884] (17s)
/root/miniconda3/envs/udet/lib/python3.12/site-packages/sklearn/linear_model/_logistic.py:599: ConvergenceWarning: lbfgs failed to converge after 2000 iteration(s) (status=1):
STOP: TOTAL NO. OF ITERATIONS REACHED LIMIT

Increase the number of iterations to improve the convergence (max_iter=2000).
You might also want to scale the data as shown in:
    https://scikit-learn.org/stable/modules/preprocessing.html
Please also refer to the documentation for alternative solver options:
    https://scikit-learn.org/stable/modules/linear_model.html#logistic-regression
  n_iter_i = _check_optimize_result(
[A] fold9 (codellama--CodeLlama...) endpoint(anchor/partner)=0.500/0.500 compose=0.8786 q=0.6695 P0c=0.8114 P0p=0.7347 resid=0.8828 gamma=[1.0120086669921875, 1.0114719867706299, 1.008277416229248] (14s)
/root/miniconda3/envs/udet/lib/python3.12/site-packages/sklearn/linear_model/_logistic.py:599: ConvergenceWarning: lbfgs failed to converge after 2000 iteration(s) (status=1):
STOP: TOTAL NO. OF ITERATIONS REACHED LIMIT

Increase the number of iterations to improve the convergence (max_iter=2000).
You might also want to scale the data as shown in:
    https://scikit-learn.org/stable/modules/preprocessing.html
Please also refer to the documentation for alternative solver options:
    https://scikit-learn.org/stable/modules/linear_model.html#logistic-regression
  n_iter_i = _check_optimize_result(
[A] fold10 (codellama--CodeLlama...) endpoint(anchor/partner)=0.500/0.500 compose=0.8860 q=0.6763 P0c=0.6998 P0p=0.7416 resid=0.8905 gamma=[1.0115762948989868, 1.010811686515808, 1.007436752319336] (14s)
/root/miniconda3/envs/udet/lib/python3.12/site-packages/sklearn/linear_model/_logistic.py:599: ConvergenceWarning: lbfgs failed to converge after 2000 iteration(s) (status=1):
STOP: TOTAL NO. OF ITERATIONS REACHED LIMIT

Increase the number of iterations to improve the convergence (max_iter=2000).
You might also want to scale the data as shown in:
    https://scikit-learn.org/stable/modules/preprocessing.html
Please also refer to the documentation for alternative solver options:
    https://scikit-learn.org/stable/modules/linear_model.html#logistic-regression
  n_iter_i = _check_optimize_result(
[A] fold11 (codellama--CodeLlama...) endpoint(anchor/partner)=0.500/0.500 compose=0.8807 q=0.6709 P0c=0.8207 P0p=0.7291 resid=0.8846 gamma=[1.0140621662139893, 1.0123049020767212, 1.0078024864196777] (14s)
/root/miniconda3/envs/udet/lib/python3.12/site-packages/sklearn/linear_model/_logistic.py:599: ConvergenceWarning: lbfgs failed to converge after 2000 iteration(s) (status=1):
STOP: TOTAL NO. OF ITERATIONS REACHED LIMIT

Increase the number of iterations to improve the convergence (max_iter=2000).
You might also want to scale the data as shown in:
    https://scikit-learn.org/stable/modules/preprocessing.html
Please also refer to the documentation for alternative solver options:
    https://scikit-learn.org/stable/modules/linear_model.html#logistic-regression
  n_iter_i = _check_optimize_result(
[A] fold12 (codellama--CodeLlama...) endpoint(anchor/partner)=0.500/0.500 compose=0.7979 q=0.6181 P0c=0.7848 P0p=0.6488 resid=0.7916 gamma=[1.0384629964828491, 1.0397043228149414, 1.0355027914047241] (15s)
/root/miniconda3/envs/udet/lib/python3.12/site-packages/sklearn/linear_model/_logistic.py:599: ConvergenceWarning: lbfgs failed to converge after 2000 iteration(s) (status=1):
STOP: TOTAL NO. OF ITERATIONS REACHED LIMIT

Increase the number of iterations to improve the convergence (max_iter=2000).
You might also want to scale the data as shown in:
    https://scikit-learn.org/stable/modules/preprocessing.html
Please also refer to the documentation for alternative solver options:
    https://scikit-learn.org/stable/modules/linear_model.html#logistic-regression
  n_iter_i = _check_optimize_result(
[A] fold13 (codellama--CodeLlama...) endpoint(anchor/partner)=0.500/0.500 compose=0.8472 q=0.6813 P0c=0.6951 P0p=0.7689 resid=0.8515 gamma=[1.0349130630493164, 1.035442590713501, 1.0317846536636353] (17s)
/root/miniconda3/envs/udet/lib/python3.12/site-packages/sklearn/linear_model/_logistic.py:599: ConvergenceWarning: lbfgs failed to converge after 2000 iteration(s) (status=1):
STOP: TOTAL NO. OF ITERATIONS REACHED LIMIT

Increase the number of iterations to improve the convergence (max_iter=2000).
You might also want to scale the data as shown in:
    https://scikit-learn.org/stable/modules/preprocessing.html
Please also refer to the documentation for alternative solver options:
    https://scikit-learn.org/stable/modules/linear_model.html#logistic-regression
  n_iter_i = _check_optimize_result(
[A] fold14 (codellama--CodeLlama...) endpoint(anchor/partner)=0.500/0.500 compose=0.8570 q=0.6879 P0c=0.5442 P0p=0.7670 resid=0.8611 gamma=[1.0349148511886597, 1.0355916023254395, 1.0317871570587158] (16s)
/root/miniconda3/envs/udet/lib/python3.12/site-packages/sklearn/linear_model/_logistic.py:599: ConvergenceWarning: lbfgs failed to converge after 2000 iteration(s) (status=1):
STOP: TOTAL NO. OF ITERATIONS REACHED LIMIT

Increase the number of iterations to improve the convergence (max_iter=2000).
You might also want to scale the data as shown in:
    https://scikit-learn.org/stable/modules/preprocessing.html
Please also refer to the documentation for alternative solver options:
    https://scikit-learn.org/stable/modules/linear_model.html#logistic-regression
  n_iter_i = _check_optimize_result(
[A] fold15 (codellama--CodeLlama...) endpoint(anchor/partner)=0.500/0.500 compose=0.8539 q=0.6588 P0c=0.7069 P0p=0.7565 resid=0.8572 gamma=[1.0361087322235107, 1.0374042987823486, 1.0333904027938843] (17s)
/root/miniconda3/envs/udet/lib/python3.12/site-packages/sklearn/linear_model/_logistic.py:599: ConvergenceWarning: lbfgs failed to converge after 2000 iteration(s) (status=1):
STOP: TOTAL NO. OF ITERATIONS REACHED LIMIT

Increase the number of iterations to improve the convergence (max_iter=2000).
You might also want to scale the data as shown in:
    https://scikit-learn.org/stable/modules/preprocessing.html
Please also refer to the documentation for alternative solver options:
    https://scikit-learn.org/stable/modules/linear_model.html#logistic-regression
  n_iter_i = _check_optimize_result(
[A] fold16 (codellama--CodeLlama...) endpoint(anchor/partner)=0.500/0.500 compose=0.7822 q=0.6319 P0c=0.4118 P0p=0.7306 resid=0.7823 gamma=[1.0325576066970825, 1.032365083694458, 1.0323662757873535] (14s)
/root/miniconda3/envs/udet/lib/python3.12/site-packages/sklearn/linear_model/_logistic.py:599: ConvergenceWarning: lbfgs failed to converge after 2000 iteration(s) (status=1):
STOP: TOTAL NO. OF ITERATIONS REACHED LIMIT

Increase the number of iterations to improve the convergence (max_iter=2000).
You might also want to scale the data as shown in:
    https://scikit-learn.org/stable/modules/preprocessing.html
Please also refer to the documentation for alternative solver options:
    https://scikit-learn.org/stable/modules/linear_model.html#logistic-regression
  n_iter_i = _check_optimize_result(
[A] fold17 (codellama--CodeLlama...) endpoint(anchor/partner)=0.500/0.500 compose=0.8278 q=0.6715 P0c=0.6811 P0p=0.7644 resid=0.8407 gamma=[1.0256925821304321, 1.0249085426330566, 1.0241124629974365] (15s)
/root/miniconda3/envs/udet/lib/python3.12/site-packages/sklearn/linear_model/_logistic.py:599: ConvergenceWarning: lbfgs failed to converge after 2000 iteration(s) (status=1):
STOP: TOTAL NO. OF ITERATIONS REACHED LIMIT

Increase the number of iterations to improve the convergence (max_iter=2000).
You might also want to scale the data as shown in:
    https://scikit-learn.org/stable/modules/preprocessing.html
Please also refer to the documentation for alternative solver options:
    https://scikit-learn.org/stable/modules/linear_model.html#logistic-regression
  n_iter_i = _check_optimize_result(
[A] fold18 (codellama--CodeLlama...) endpoint(anchor/partner)=0.500/0.500 compose=0.8358 q=0.6669 P0c=0.5463 P0p=0.7651 resid=0.8489 gamma=[1.0252193212509155, 1.0236862897872925, 1.0231208801269531] (15s)
/root/miniconda3/envs/udet/lib/python3.12/site-packages/sklearn/linear_model/_logistic.py:599: ConvergenceWarning: lbfgs failed to converge after 2000 iteration(s) (status=1):
STOP: TOTAL NO. OF ITERATIONS REACHED LIMIT

Increase the number of iterations to improve the convergence (max_iter=2000).
You might also want to scale the data as shown in:
    https://scikit-learn.org/stable/modules/preprocessing.html
Please also refer to the documentation for alternative solver options:
    https://scikit-learn.org/stable/modules/linear_model.html#logistic-regression
  n_iter_i = _check_optimize_result(
[A] fold19 (codellama--CodeLlama...) endpoint(anchor/partner)=0.500/0.500 compose=0.8322 q=0.6704 P0c=0.6947 P0p=0.7679 resid=0.8440 gamma=[1.028463363647461, 1.0282866954803467, 1.0253993272781372] (15s)
/root/miniconda3/envs/udet/lib/python3.12/site-packages/sklearn/linear_model/_logistic.py:599: ConvergenceWarning: lbfgs failed to converge after 2000 iteration(s) (status=1):
STOP: TOTAL NO. OF ITERATIONS REACHED LIMIT

Increase the number of iterations to improve the convergence (max_iter=2000).
You might also want to scale the data as shown in:
    https://scikit-learn.org/stable/modules/preprocessing.html
Please also refer to the documentation for alternative solver options:
    https://scikit-learn.org/stable/modules/linear_model.html#logistic-regression
  n_iter_i = _check_optimize_result(
[A] fold20 (codellama--CodeLlama...) endpoint(anchor/partner)=0.500/0.500 compose=0.8163 q=0.6381 P0c=0.7951 P0p=0.7459 resid=0.8098 gamma=[1.020412802696228, 1.0171293020248413, 1.0111435651779175] (14s)
/root/miniconda3/envs/udet/lib/python3.12/site-packages/sklearn/linear_model/_logistic.py:599: ConvergenceWarning: lbfgs failed to converge after 2000 iteration(s) (status=1):
STOP: TOTAL NO. OF ITERATIONS REACHED LIMIT

Increase the number of iterations to improve the convergence (max_iter=2000).
You might also want to scale the data as shown in:
    https://scikit-learn.org/stable/modules/preprocessing.html
Please also refer to the documentation for alternative solver options:
    https://scikit-learn.org/stable/modules/linear_model.html#logistic-regression
  n_iter_i = _check_optimize_result(
[A] fold21 (codellama--CodeLlama...) endpoint(anchor/partner)=0.500/0.500 compose=0.8690 q=0.6703 P0c=0.8212 P0p=0.7445 resid=0.8733 gamma=[1.0147231817245483, 1.013210654258728, 1.0098743438720703] (15s)
/root/miniconda3/envs/udet/lib/python3.12/site-packages/sklearn/linear_model/_logistic.py:599: ConvergenceWarning: lbfgs failed to converge after 2000 iteration(s) (status=1):
STOP: TOTAL NO. OF ITERATIONS REACHED LIMIT

Increase the number of iterations to improve the convergence (max_iter=2000).
You might also want to scale the data as shown in:
    https://scikit-learn.org/stable/modules/preprocessing.html
Please also refer to the documentation for alternative solver options:
    https://scikit-learn.org/stable/modules/linear_model.html#logistic-regression
  n_iter_i = _check_optimize_result(
[A] fold22 (codellama--CodeLlama...) endpoint(anchor/partner)=0.500/0.500 compose=0.8751 q=0.6820 P0c=0.7763 P0p=0.7317 resid=0.8798 gamma=[1.015292763710022, 1.0130635499954224, 1.0099611282348633] (24s)
/root/miniconda3/envs/udet/lib/python3.12/site-packages/sklearn/linear_model/_logistic.py:599: ConvergenceWarning: lbfgs failed to converge after 2000 iteration(s) (status=1):
STOP: TOTAL NO. OF ITERATIONS REACHED LIMIT

Increase the number of iterations to improve the convergence (max_iter=2000).
You might also want to scale the data as shown in:
    https://scikit-learn.org/stable/modules/preprocessing.html
Please also refer to the documentation for alternative solver options:
    https://scikit-learn.org/stable/modules/linear_model.html#logistic-regression
  n_iter_i = _check_optimize_result(
[A] fold23 (codellama--CodeLlama...) endpoint(anchor/partner)=0.500/0.500 compose=0.8725 q=0.6690 P0c=0.8297 P0p=0.7386 resid=0.8766 gamma=[1.0162631273269653, 1.0148810148239136, 1.0100009441375732] (19s)
/root/miniconda3/envs/udet/lib/python3.12/site-packages/sklearn/linear_model/_logistic.py:599: ConvergenceWarning: lbfgs failed to converge after 2000 iteration(s) (status=1):
STOP: TOTAL NO. OF ITERATIONS REACHED LIMIT

Increase the number of iterations to improve the convergence (max_iter=2000).
You might also want to scale the data as shown in:
    https://scikit-learn.org/stable/modules/preprocessing.html
Please also refer to the documentation for alternative solver options:
    https://scikit-learn.org/stable/modules/linear_model.html#logistic-regression
  n_iter_i = _check_optimize_result(
[A] fold24 (codellama--CodeLlama...) endpoint(anchor/partner)=0.500/0.500 compose=0.7957 q=0.6036 P0c=0.7679 P0p=0.6726 resid=0.7854 gamma=[1.041987419128418, 1.0425662994384766, 1.0391963720321655] (14s)
/root/miniconda3/envs/udet/lib/python3.12/site-packages/sklearn/linear_model/_logistic.py:599: ConvergenceWarning: lbfgs failed to converge after 2000 iteration(s) (status=1):
STOP: TOTAL NO. OF ITERATIONS REACHED LIMIT

Increase the number of iterations to improve the convergence (max_iter=2000).
You might also want to scale the data as shown in:
    https://scikit-learn.org/stable/modules/preprocessing.html
Please also refer to the documentation for alternative solver options:
    https://scikit-learn.org/stable/modules/linear_model.html#logistic-regression
  n_iter_i = _check_optimize_result(
[A] fold25 (codellama--CodeLlama...) endpoint(anchor/partner)=0.500/0.500 compose=0.8553 q=0.6761 P0c=0.7152 P0p=0.7751 resid=0.8604 gamma=[1.0362604856491089, 1.0371887683868408, 1.0337910652160645] (15s)
/root/miniconda3/envs/udet/lib/python3.12/site-packages/sklearn/linear_model/_logistic.py:599: ConvergenceWarning: lbfgs failed to converge after 2000 iteration(s) (status=1):
STOP: TOTAL NO. OF ITERATIONS REACHED LIMIT

Increase the number of iterations to improve the convergence (max_iter=2000).
You might also want to scale the data as shown in:
    https://scikit-learn.org/stable/modules/preprocessing.html
Please also refer to the documentation for alternative solver options:
    https://scikit-learn.org/stable/modules/linear_model.html#logistic-regression
  n_iter_i = _check_optimize_result(
[A] fold26 (codellama--CodeLlama...) endpoint(anchor/partner)=0.500/0.500 compose=0.8668 q=0.6822 P0c=0.4737 P0p=0.7744 resid=0.8706 gamma=[1.0363367795944214, 1.0374541282653809, 1.0333473682403564] (15s)
/root/miniconda3/envs/udet/lib/python3.12/site-packages/sklearn/linear_model/_logistic.py:599: ConvergenceWarning: lbfgs failed to converge after 2000 iteration(s) (status=1):
STOP: TOTAL NO. OF ITERATIONS REACHED LIMIT

Increase the number of iterations to improve the convergence (max_iter=2000).
You might also want to scale the data as shown in:
    https://scikit-learn.org/stable/modules/preprocessing.html
Please also refer to the documentation for alternative solver options:
    https://scikit-learn.org/stable/modules/linear_model.html#logistic-regression
  n_iter_i = _check_optimize_result(
[A] fold27 (codellama--CodeLlama...) endpoint(anchor/partner)=0.500/0.500 compose=0.8618 q=0.6675 P0c=0.7342 P0p=0.7502 resid=0.8644 gamma=[1.039035677909851, 1.0402792692184448, 1.036665678024292] (14s)
/root/miniconda3/envs/udet/lib/python3.12/site-packages/sklearn/linear_model/_logistic.py:599: ConvergenceWarning: lbfgs failed to converge after 2000 iteration(s) (status=1):
STOP: TOTAL NO. OF ITERATIONS REACHED LIMIT

Increase the number of iterations to improve the convergence (max_iter=2000).
You might also want to scale the data as shown in:
    https://scikit-learn.org/stable/modules/preprocessing.html
Please also refer to the documentation for alternative solver options:
    https://scikit-learn.org/stable/modules/linear_model.html#logistic-regression
  n_iter_i = _check_optimize_result(
[A] fold28 (codellama--CodeLlama...) endpoint(anchor/partner)=0.500/0.500 compose=0.7728 q=0.6086 P0c=0.4235 P0p=0.7217 resid=0.7667 gamma=[1.0370529890060425, 1.0358372926712036, 1.0362803936004639] (16s)
/root/miniconda3/envs/udet/lib/python3.12/site-packages/sklearn/linear_model/_logistic.py:599: ConvergenceWarning: lbfgs failed to converge after 2000 iteration(s) (status=1):
STOP: TOTAL NO. OF ITERATIONS REACHED LIMIT

Increase the number of iterations to improve the convergence (max_iter=2000).
You might also want to scale the data as shown in:
    https://scikit-learn.org/stable/modules/preprocessing.html
Please also refer to the documentation for alternative solver options:
    https://scikit-learn.org/stable/modules/linear_model.html#logistic-regression
  n_iter_i = _check_optimize_result(
[A] fold29 (codellama--CodeLlama...) endpoint(anchor/partner)=0.500/0.500 compose=0.8318 q=0.6634 P0c=0.6507 P0p=0.7612 resid=0.8436 gamma=[1.0286290645599365, 1.0263053178787231, 1.025829792022705] (15s)
/root/miniconda3/envs/udet/lib/python3.12/site-packages/sklearn/linear_model/_logistic.py:599: ConvergenceWarning: lbfgs failed to converge after 2000 iteration(s) (status=1):
STOP: TOTAL NO. OF ITERATIONS REACHED LIMIT

Increase the number of iterations to improve the convergence (max_iter=2000).
You might also want to scale the data as shown in:
    https://scikit-learn.org/stable/modules/preprocessing.html
Please also refer to the documentation for alternative solver options:
    https://scikit-learn.org/stable/modules/linear_model.html#logistic-regression
  n_iter_i = _check_optimize_result(
[A] fold30 (codellama--CodeLlama...) endpoint(anchor/partner)=0.500/0.500 compose=0.8396 q=0.6653 P0c=0.6159 P0p=0.7721 resid=0.8506 gamma=[1.0285786390304565, 1.0258113145828247, 1.0250345468521118] (15s)
/root/miniconda3/envs/udet/lib/python3.12/site-packages/sklearn/linear_model/_logistic.py:599: ConvergenceWarning: lbfgs failed to converge after 2000 iteration(s) (status=1):
STOP: TOTAL NO. OF ITERATIONS REACHED LIMIT

Increase the number of iterations to improve the convergence (max_iter=2000).
You might also want to scale the data as shown in:
    https://scikit-learn.org/stable/modules/preprocessing.html
Please also refer to the documentation for alternative solver options:
    https://scikit-learn.org/stable/modules/linear_model.html#logistic-regression
  n_iter_i = _check_optimize_result(
[A] fold31 (codellama--CodeLlama...) endpoint(anchor/partner)=0.500/0.500 compose=0.8345 q=0.6428 P0c=0.7054 P0p=0.7728 resid=0.8446 gamma=[1.0324816703796387, 1.0308390855789185, 1.0281643867492676] (15s)
/root/miniconda3/envs/udet/lib/python3.12/site-packages/sklearn/linear_model/_logistic.py:599: ConvergenceWarning: lbfgs failed to converge after 2000 iteration(s) (status=1):
STOP: TOTAL NO. OF ITERATIONS REACHED LIMIT

Increase the number of iterations to improve the convergence (max_iter=2000).
You might also want to scale the data as shown in:
    https://scikit-learn.org/stable/modules/preprocessing.html
Please also refer to the documentation for alternative solver options:
    https://scikit-learn.org/stable/modules/linear_model.html#logistic-regression
  n_iter_i = _check_optimize_result(
[A] fold32 (codellama--CodeLlama...) endpoint(anchor/partner)=0.500/0.500 compose=0.8144 q=0.6128 P0c=0.6851 P0p=0.7122 resid=0.8037 gamma=[1.0226449966430664, 1.0166577100753784, 1.0128122568130493] (17s)
/root/miniconda3/envs/udet/lib/python3.12/site-packages/sklearn/linear_model/_logistic.py:599: ConvergenceWarning: lbfgs failed to converge after 2000 iteration(s) (status=1):
STOP: TOTAL NO. OF ITERATIONS REACHED LIMIT

Increase the number of iterations to improve the convergence (max_iter=2000).
You might also want to scale the data as shown in:
    https://scikit-learn.org/stable/modules/preprocessing.html
Please also refer to the documentation for alternative solver options:
    https://scikit-learn.org/stable/modules/linear_model.html#logistic-regression
  n_iter_i = _check_optimize_result(
[A] fold33 (codellama--CodeLlama...) endpoint(anchor/partner)=0.500/0.500 compose=0.8770 q=0.6513 P0c=0.7986 P0p=0.7379 resid=0.8810 gamma=[1.0135855674743652, 1.0109858512878418, 1.0078554153442383] (16s)
/root/miniconda3/envs/udet/lib/python3.12/site-packages/sklearn/linear_model/_logistic.py:599: ConvergenceWarning: lbfgs failed to converge after 2000 iteration(s) (status=1):
STOP: TOTAL NO. OF ITERATIONS REACHED LIMIT

Increase the number of iterations to improve the convergence (max_iter=2000).
You might also want to scale the data as shown in:
    https://scikit-learn.org/stable/modules/preprocessing.html
Please also refer to the documentation for alternative solver options:
    https://scikit-learn.org/stable/modules/linear_model.html#logistic-regression
  n_iter_i = _check_optimize_result(
[A] fold34 (codellama--CodeLlama...) endpoint(anchor/partner)=0.500/0.500 compose=0.8842 q=0.6411 P0c=0.7621 P0p=0.7438 resid=0.8878 gamma=[1.014081358909607, 1.011023998260498, 1.0077053308486938] (14s)
/root/miniconda3/envs/udet/lib/python3.12/site-packages/sklearn/linear_model/_logistic.py:599: ConvergenceWarning: lbfgs failed to converge after 2000 iteration(s) (status=1):
STOP: TOTAL NO. OF ITERATIONS REACHED LIMIT

Increase the number of iterations to improve the convergence (max_iter=2000).
You might also want to scale the data as shown in:
    https://scikit-learn.org/stable/modules/preprocessing.html
Please also refer to the documentation for alternative solver options:
    https://scikit-learn.org/stable/modules/linear_model.html#logistic-regression
  n_iter_i = _check_optimize_result(
[A] fold35 (codellama--CodeLlama...) endpoint(anchor/partner)=0.500/0.500 compose=0.8798 q=0.6512 P0c=0.8086 P0p=0.7263 resid=0.8829 gamma=[1.0167587995529175, 1.0137090682983398, 1.008824110031128] (15s)
/root/miniconda3/envs/udet/lib/python3.12/site-packages/sklearn/linear_model/_logistic.py:599: ConvergenceWarning: lbfgs failed to converge after 2000 iteration(s) (status=1):
STOP: TOTAL NO. OF ITERATIONS REACHED LIMIT

Increase the number of iterations to improve the convergence (max_iter=2000).
You might also want to scale the data as shown in:
    https://scikit-learn.org/stable/modules/preprocessing.html
Please also refer to the documentation for alternative solver options:
    https://scikit-learn.org/stable/modules/linear_model.html#logistic-regression
  n_iter_i = _check_optimize_result(
[A] fold36 (codellama--CodeLlama...) endpoint(anchor/partner)=0.500/0.500 compose=0.8151 q=0.6316 P0c=0.7140 P0p=0.6963 resid=0.8144 gamma=[1.0389633178710938, 1.03880774974823, 1.0349266529083252] (16s)
/root/miniconda3/envs/udet/lib/python3.12/site-packages/sklearn/linear_model/_logistic.py:599: ConvergenceWarning: lbfgs failed to converge after 2000 iteration(s) (status=1):
STOP: TOTAL NO. OF ITERATIONS REACHED LIMIT

Increase the number of iterations to improve the convergence (max_iter=2000).
You might also want to scale the data as shown in:
    https://scikit-learn.org/stable/modules/preprocessing.html
Please also refer to the documentation for alternative solver options:
    https://scikit-learn.org/stable/modules/linear_model.html#logistic-regression
  n_iter_i = _check_optimize_result(
[A] fold37 (codellama--CodeLlama...) endpoint(anchor/partner)=0.500/0.500 compose=0.8642 q=0.6798 P0c=0.6091 P0p=0.7697 resid=0.8736 gamma=[1.0342028141021729, 1.034529685974121, 1.031158208847046] (15s)
/root/miniconda3/envs/udet/lib/python3.12/site-packages/sklearn/linear_model/_logistic.py:599: ConvergenceWarning: lbfgs failed to converge after 2000 iteration(s) (status=1):
STOP: TOTAL NO. OF ITERATIONS REACHED LIMIT

Increase the number of iterations to improve the convergence (max_iter=2000).
You might also want to scale the data as shown in:
    https://scikit-learn.org/stable/modules/preprocessing.html
Please also refer to the documentation for alternative solver options:
    https://scikit-learn.org/stable/modules/linear_model.html#logistic-regression
  n_iter_i = _check_optimize_result(
[A] fold38 (codellama--CodeLlama...) endpoint(anchor/partner)=0.500/0.500 compose=0.8745 q=0.6757 P0c=0.3223 P0p=0.7563 resid=0.8839 gamma=[1.034183144569397, 1.0345321893692017, 1.0309646129608154] (15s)
/root/miniconda3/envs/udet/lib/python3.12/site-packages/sklearn/linear_model/_logistic.py:599: ConvergenceWarning: lbfgs failed to converge after 2000 iteration(s) (status=1):
STOP: TOTAL NO. OF ITERATIONS REACHED LIMIT

Increase the number of iterations to improve the convergence (max_iter=2000).
You might also want to scale the data as shown in:
    https://scikit-learn.org/stable/modules/preprocessing.html
Please also refer to the documentation for alternative solver options:
    https://scikit-learn.org/stable/modules/linear_model.html#logistic-regression
  n_iter_i = _check_optimize_result(
[A] fold39 (codellama--CodeLlama...) endpoint(anchor/partner)=0.500/0.500 compose=0.8699 q=0.6815 P0c=0.6540 P0p=0.7632 resid=0.8777 gamma=[1.0369057655334473, 1.0377707481384277, 1.0334444046020508] (14s)
/root/miniconda3/envs/udet/lib/python3.12/site-packages/sklearn/linear_model/_logistic.py:599: ConvergenceWarning: lbfgs failed to converge after 2000 iteration(s) (status=1):
STOP: TOTAL NO. OF ITERATIONS REACHED LIMIT

Increase the number of iterations to improve the convergence (max_iter=2000).
You might also want to scale the data as shown in:
    https://scikit-learn.org/stable/modules/preprocessing.html
Please also refer to the documentation for alternative solver options:
    https://scikit-learn.org/stable/modules/linear_model.html#logistic-regression
  n_iter_i = _check_optimize_result(
[A] fold40 (codellama--CodeLlama...) endpoint(anchor/partner)=0.500/0.500 compose=0.7913 q=0.6476 P0c=0.2528 P0p=0.6198 resid=0.7950 gamma=[1.0349584817886353, 1.0317258834838867, 1.0301711559295654] (14s)
/root/miniconda3/envs/udet/lib/python3.12/site-packages/sklearn/linear_model/_logistic.py:599: ConvergenceWarning: lbfgs failed to converge after 2000 iteration(s) (status=1):
STOP: TOTAL NO. OF ITERATIONS REACHED LIMIT

Increase the number of iterations to improve the convergence (max_iter=2000).
You might also want to scale the data as shown in:
    https://scikit-learn.org/stable/modules/preprocessing.html
Please also refer to the documentation for alternative solver options:
    https://scikit-learn.org/stable/modules/linear_model.html#logistic-regression
  n_iter_i = _check_optimize_result(
[A] fold41 (codellama--CodeLlama...) endpoint(anchor/partner)=0.500/0.500 compose=0.8387 q=0.6780 P0c=0.4773 P0p=0.7173 resid=0.8556 gamma=[1.0276354551315308, 1.0245556831359863, 1.0224004983901978] (15s)
/root/miniconda3/envs/udet/lib/python3.12/site-packages/sklearn/linear_model/_logistic.py:599: ConvergenceWarning: lbfgs failed to converge after 2000 iteration(s) (status=1):
STOP: TOTAL NO. OF ITERATIONS REACHED LIMIT

Increase the number of iterations to improve the convergence (max_iter=2000).
You might also want to scale the data as shown in:
    https://scikit-learn.org/stable/modules/preprocessing.html
Please also refer to the documentation for alternative solver options:
    https://scikit-learn.org/stable/modules/linear_model.html#logistic-regression
  n_iter_i = _check_optimize_result(
[A] fold42 (codellama--CodeLlama...) endpoint(anchor/partner)=0.500/0.500 compose=0.8473 q=0.6858 P0c=0.2614 P0p=0.6767 resid=0.8636 gamma=[1.0274723768234253, 1.0234010219573975, 1.0214331150054932] (17s)
/root/miniconda3/envs/udet/lib/python3.12/site-packages/sklearn/linear_model/_logistic.py:599: ConvergenceWarning: lbfgs failed to converge after 2000 iteration(s) (status=1):
STOP: TOTAL NO. OF ITERATIONS REACHED LIMIT

Increase the number of iterations to improve the convergence (max_iter=2000).
You might also want to scale the data as shown in:
    https://scikit-learn.org/stable/modules/preprocessing.html
Please also refer to the documentation for alternative solver options:
    https://scikit-learn.org/stable/modules/linear_model.html#logistic-regression
  n_iter_i = _check_optimize_result(
[A] fold43 (codellama--CodeLlama...) endpoint(anchor/partner)=0.500/0.500 compose=0.8431 q=0.6694 P0c=0.4767 P0p=0.7299 resid=0.8576 gamma=[1.0307209491729736, 1.0279383659362793, 1.0240206718444824] (14s)
/root/miniconda3/envs/udet/lib/python3.12/site-packages/sklearn/linear_model/_logistic.py:599: ConvergenceWarning: lbfgs failed to converge after 2000 iteration(s) (status=1):
STOP: TOTAL NO. OF ITERATIONS REACHED LIMIT

Increase the number of iterations to improve the convergence (max_iter=2000).
You might also want to scale the data as shown in:
    https://scikit-learn.org/stable/modules/preprocessing.html
Please also refer to the documentation for alternative solver options:
    https://scikit-learn.org/stable/modules/linear_model.html#logistic-regression
  n_iter_i = _check_optimize_result(
[A] fold44 (codellama--CodeLlama...) endpoint(anchor/partner)=0.500/0.500 compose=0.8317 q=0.6343 P0c=0.6328 P0p=0.7412 resid=0.8275 gamma=[1.0202198028564453, 1.0149346590042114, 1.0104143619537354] (15s)
/root/miniconda3/envs/udet/lib/python3.12/site-packages/sklearn/linear_model/_logistic.py:599: ConvergenceWarning: lbfgs failed to converge after 2000 iteration(s) (status=1):
STOP: TOTAL NO. OF ITERATIONS REACHED LIMIT

Increase the number of iterations to improve the convergence (max_iter=2000).
You might also want to scale the data as shown in:
    https://scikit-learn.org/stable/modules/preprocessing.html
Please also refer to the documentation for alternative solver options:
    https://scikit-learn.org/stable/modules/linear_model.html#logistic-regression
  n_iter_i = _check_optimize_result(
[A] fold45 (codellama--CodeLlama...) endpoint(anchor/partner)=0.500/0.500 compose=0.8861 q=0.6619 P0c=0.6849 P0p=0.7497 resid=0.8927 gamma=[1.0129878520965576, 1.0111356973648071, 1.0076415538787842] (15s)
/root/miniconda3/envs/udet/lib/python3.12/site-packages/sklearn/linear_model/_logistic.py:599: ConvergenceWarning: lbfgs failed to converge after 2000 iteration(s) (status=1):
STOP: TOTAL NO. OF ITERATIONS REACHED LIMIT

Increase the number of iterations to improve the convergence (max_iter=2000).
You might also want to scale the data as shown in:
    https://scikit-learn.org/stable/modules/preprocessing.html
Please also refer to the documentation for alternative solver options:
    https://scikit-learn.org/stable/modules/linear_model.html#logistic-regression
  n_iter_i = _check_optimize_result(
[A] fold46 (codellama--CodeLlama...) endpoint(anchor/partner)=0.500/0.500 compose=0.8927 q=0.6646 P0c=0.7137 P0p=0.7606 resid=0.8996 gamma=[1.0127806663513184, 1.0102792978286743, 1.0072864294052124] (16s)
/root/miniconda3/envs/udet/lib/python3.12/site-packages/sklearn/linear_model/_logistic.py:599: ConvergenceWarning: lbfgs failed to converge after 2000 iteration(s) (status=1):
STOP: TOTAL NO. OF ITERATIONS REACHED LIMIT

Increase the number of iterations to improve the convergence (max_iter=2000).
You might also want to scale the data as shown in:
    https://scikit-learn.org/stable/modules/preprocessing.html
Please also refer to the documentation for alternative solver options:
    https://scikit-learn.org/stable/modules/linear_model.html#logistic-regression
  n_iter_i = _check_optimize_result(
[A] fold47 (codellama--CodeLlama...) endpoint(anchor/partner)=0.500/0.500 compose=0.8890 q=0.6584 P0c=0.7344 P0p=0.7392 resid=0.8952 gamma=[1.0147992372512817, 1.0119417905807495, 1.008042335510254] (16s)
[A] folds done in 747.2s
