[e36] commit 83fad1cd9c49fb2a1cd5bc5466987752f40c2be7 | smoke=False audit_only=False | data=/root/autodl-tmp/u-det/d-det/data/h2_droid_subset | out=artifacts/h2_droid_e36_repro
[e36] SHA256SUMS 校验通过（5 文件）
[e36] 审计完成：machine 14220 / human 3780；断言全部通过；audit.json 已写出
[e36] 复用特征缓存并复核 ✓：/root/autodl-tmp/u-det/d-det/runs/h2_droid_e36/features.npz
[e36] fold_0: train 2700 / dev 2588 / test 1606（human 1260/1260/1260）
[e36] fold_0 B0 主轴（加权）: 收敛=True n_iter=266
[e36] fold_0 检测头: 收敛=True n_iter=184
[e36] fold_0 检测（次要）：test AUROC 0.9269（F1@.5 0.8409） / dev 0.9361
[e36] fold_0 初始化审计：F0/F1 初始 logits 与 B0 逐位一致 ✓
[e36] fold_0 epoch0：F0 [{'epoch': 0, 'step': 0, 'ce': 0.8278, 'lc': None, 'grad_norm': 0.002, 'gamma': 0.04621}, {'epoch': 0, 'step': 21, 'ce': 0.8476, 'lc': None, 'grad_norm': 0.033, 'gamma': 0.0457}] | F1 [{'epoch': 0, 'step': 0, 'ce': 0.8278, 'lc': 6.671, 'grad_norm': 8.392, 'gamma': 0.04621}, {'epoch': 0, 'step': 21, 'ce': 0.8484, 'lc': 4.828, 'grad_norm': 0.062, 'gamma': 0.04537}]
[e36] fold_0 epoch1：F0 [{'epoch': 1, 'step': 0, 'ce': 0.8619, 'lc': None, 'grad_norm': 0.033, 'gamma': 0.04567}, {'epoch': 1, 'step': 21, 'ce': 0.8219, 'lc': None, 'grad_norm': 0.054, 'gamma': 0.04501}] | F1 [{'epoch': 1, 'step': 0, 'ce': 0.8632, 'lc': 4.829, 'grad_norm': 0.087, 'gamma': 0.04532}, {'epoch': 1, 'step': 21, 'ce': 0.8213, 'lc': 4.8227, 'grad_norm': 0.073, 'gamma': 0.04395}]
[e36] fold_0 test：B0 0.1608/0.1578，F0 0.1571/0.1543，F1 0.1585/0.1549，Δ=+0.0014/+0.0006；anchor 3960/5544=0.714
[e36] fold_0 随机参照主轴: 收敛=True n_iter=516
[e36] fold_0 随机参照（主轴，仅参照，池=原始 train/dev）：BA_F 0.3005 / BA_G 0.3016（对照 gen B0 0.1608/0.1578）
[e36] fold_1: train 3060 / dev 2533 / test 1733（human 1260/1260/1260）
[e36] fold_1 B0 主轴（加权）: 收敛=True n_iter=335
[e36] fold_1 检测头: 收敛=True n_iter=187
[e36] fold_1 检测（次要）：test AUROC 0.9230（F1@.5 0.8344） / dev 0.9222
[e36] fold_1 初始化审计：F0/F1 初始 logits 与 B0 逐位一致 ✓
[e36] fold_1 epoch0：F0 [{'epoch': 0, 'step': 0, 'ce': 0.8475, 'lc': None, 'grad_norm': 0.002, 'gamma': 0.04621}, {'epoch': 0, 'step': 24, 'ce': 0.8091, 'lc': None, 'grad_norm': 0.044, 'gamma': 0.046}] | F1 [{'epoch': 0, 'step': 0, 'ce': 0.8475, 'lc': 7.251, 'grad_norm': 11.522, 'gamma': 0.04621}, {'epoch': 0, 'step': 24, 'ce': 0.8108, 'lc': 4.8274, 'grad_norm': 0.117, 'gamma': 0.04552}]
[e36] fold_1 epoch1：F0 [{'epoch': 1, 'step': 0, 'ce': 0.7755, 'lc': None, 'grad_norm': 0.05, 'gamma': 0.04597}, {'epoch': 1, 'step': 24, 'ce': 0.8218, 'lc': None, 'grad_norm': 0.088, 'gamma': 0.04533}] | F1 [{'epoch': 1, 'step': 0, 'ce': 0.7798, 'lc': 4.8267, 'grad_norm': 0.092, 'gamma': 0.04546}, {'epoch': 1, 'step': 24, 'ce': 0.8362, 'lc': 4.8306, 'grad_norm': 0.109, 'gamma': 0.04413}]
[e36] fold_1 test：B0 0.1661/0.1722，F0 0.1697/0.176，F1 0.1669/0.1723，Δ=-0.0028/-0.0037；anchor 5400/6300=0.857
[e36] fold_1 随机参照主轴: 收敛=True n_iter=495
[e36] fold_1 随机参照（主轴，仅参照，池=原始 train/dev）：BA_F 0.2966 / BA_G 0.2951（对照 gen B0 0.1661/0.1722）
[e36] pooled test：B0 0.1605/0.1623，F0 0.1608/0.1625，F1 0.1591/0.1605，Δ -0.0017/-0.0020
[e36] 出口：fold_positive=False anchor_ok=True pooled_ok=False → 3：方向不一致或 pooled 增量为非正 ⇒ H2 不支持
