nohup: ignoring input
[1] load samples (train/dev only)
  samples=10659 (test rows excluded=1881)
  n=10659
[2] CodeT5 tokenizer for token stats
[3] apply A1_format_norm
<x>:5: SyntaxWarning: invalid escape sequence '\P'
<x>:6: SyntaxWarning: invalid escape sequence '\P'
<x>:7: SyntaxWarning: invalid escape sequence '\ '
<x>:12: SyntaxWarning: invalid escape sequence '\d'
<x>:4: SyntaxWarning: invalid escape sequence '\W'
<x>:5: SyntaxWarning: invalid escape sequence '\W'
<x>:4: SyntaxWarning: invalid escape sequence '\d'
<x>:4: SyntaxWarning: invalid escape sequence '\d'
<x>:8: SyntaxWarning: invalid escape sequence '\s'
<x>:4: SyntaxWarning: invalid escape sequence '\W'
<x>:5: SyntaxWarning: invalid escape sequence '\W'
<x>:3: SyntaxWarning: invalid escape sequence '\d'
    2000/10659
<x>:15: SyntaxWarning: invalid escape sequence '\m'
<x>:15: SyntaxWarning: invalid escape sequence '\s'
<x>:23: SyntaxWarning: invalid escape sequence '\m'
<x>:23: SyntaxWarning: invalid escape sequence '\s'
<x>:5: SyntaxWarning: invalid escape sequence '\W'
<x>:5: SyntaxWarning: invalid escape sequence '\W'
<x>:32: SyntaxWarning: invalid escape sequence '\m'
<x>:32: SyntaxWarning: invalid escape sequence '\s'
<x>:5: SyntaxWarning: invalid escape sequence '\.'
<x>:17: SyntaxWarning: invalid escape sequence '\s'
<x>:13: SyntaxWarning: invalid escape sequence '\d'
<x>:38: SyntaxWarning: invalid escape sequence '\m'
<x>:38: SyntaxWarning: invalid escape sequence '\s'
<x>:16: SyntaxWarning: invalid escape sequence '\s'
<x>:7: SyntaxWarning: invalid escape sequence '\d'
<x>:4: SyntaxWarning: invalid escape sequence '\W'
<x>:5: SyntaxWarning: invalid escape sequence '\W'
<x>:3: SyntaxWarning: invalid escape sequence '\d'
<x>:4: SyntaxWarning: invalid escape sequence '\d'
    4000/10659
<x>:20: SyntaxWarning: invalid escape sequence '\w'
<x>:17: SyntaxWarning: invalid escape sequence '\m'
<x>:17: SyntaxWarning: invalid escape sequence '\s'
<x>:5: SyntaxWarning: invalid escape sequence '\P'
<x>:6: SyntaxWarning: invalid escape sequence '\P'
<x>:7: SyntaxWarning: invalid escape sequence '\d'
<x>:4: SyntaxWarning: invalid escape sequence '\W'
<x>:5: SyntaxWarning: invalid escape sequence '\W'
<x>:11: SyntaxWarning: invalid escape sequence '\d'
<x>:3: SyntaxWarning: invalid escape sequence '\d'
<x>:4: SyntaxWarning: invalid escape sequence '\d'
<x>:14: SyntaxWarning: invalid escape sequence '\d'
<x>:32: SyntaxWarning: invalid escape sequence '\d'
<x>:27: SyntaxWarning: invalid escape sequence '\m'
<x>:27: SyntaxWarning: invalid escape sequence '\s'
<x>:5: SyntaxWarning: invalid escape sequence '\P'
<x>:6: SyntaxWarning: invalid escape sequence '\P'
<x>:10: SyntaxWarning: invalid escape sequence '\('
<x>:7: SyntaxWarning: invalid escape sequence '\d'
<x>:11: SyntaxWarning: invalid escape sequence '\.'
<x>:5: SyntaxWarning: invalid escape sequence '\W'
<x>:5: SyntaxWarning: invalid escape sequence '\W'
<x>:11: SyntaxWarning: invalid escape sequence '\d'
<x>:3: SyntaxWarning: invalid escape sequence '\d'
<x>:4: SyntaxWarning: invalid escape sequence '\d'
<x>:8: SyntaxWarning: invalid escape sequence '\('
    6000/10659
<x>:5: SyntaxWarning: invalid escape sequence '\P'
<x>:6: SyntaxWarning: invalid escape sequence '\P'
<x>:10: SyntaxWarning: invalid escape sequence '\('
<x>:7: SyntaxWarning: invalid escape sequence '\ '
<x>:11: SyntaxWarning: invalid escape sequence '\.'
<x>:11: SyntaxWarning: invalid escape sequence '\d'
<x>:4: SyntaxWarning: invalid escape sequence '\W'
<x>:5: SyntaxWarning: invalid escape sequence '\W'
<x>:11: SyntaxWarning: invalid escape sequence '\d'
<x>:10: SyntaxWarning: invalid escape sequence '\d'
<x>:11: SyntaxWarning: invalid escape sequence '\['
<x>:11: SyntaxWarning: invalid escape sequence '\.'
<x>:11: SyntaxWarning: invalid escape sequence '\w'
<x>:3: SyntaxWarning: invalid escape sequence '\d'
<x>:10: SyntaxWarning: invalid escape sequence '\d'
<x>:4: SyntaxWarning: invalid escape sequence '\d'
<x>:10: SyntaxWarning: invalid escape sequence '\d'
<x>:5: SyntaxWarning: invalid escape sequence '\P'
<x>:6: SyntaxWarning: invalid escape sequence '\P'
<x>:7: SyntaxWarning: invalid escape sequence '\ '
<x>:4: SyntaxWarning: invalid escape sequence '\W'
<x>:5: SyntaxWarning: invalid escape sequence '\W'
<x>:11: SyntaxWarning: invalid escape sequence '\d'
<x>:16: SyntaxWarning: invalid escape sequence '\s'
<x>:19: SyntaxWarning: invalid escape sequence '\w'
<x>:3: SyntaxWarning: invalid escape sequence '\d'
<x>:10: SyntaxWarning: invalid escape sequence '\d'
<x>:4: SyntaxWarning: invalid escape sequence '\d'
<x>:8: SyntaxWarning: invalid escape sequence '\s'
    8000/10659
<x>:6: SyntaxWarning: invalid escape sequence '\.'
<x>:5: SyntaxWarning: invalid escape sequence '\W'
<x>:5: SyntaxWarning: invalid escape sequence '\W'
<x>:7: SyntaxWarning: invalid escape sequence '\['
<x>:3: SyntaxWarning: invalid escape sequence '\d'
<x>:4: SyntaxWarning: invalid escape sequence '\d'
<x>:35: SyntaxWarning: invalid escape sequence '\P'
<x>:6: SyntaxWarning: invalid escape sequence '\s'
<x>:5: SyntaxWarning: invalid escape sequence '\W'
<x>:5: SyntaxWarning: invalid escape sequence '\W'
<x>:4: SyntaxWarning: invalid escape sequence '\d'
<x>:5: SyntaxWarning: invalid escape sequence '\d'
<x>:8: SyntaxWarning: invalid escape sequence '\s'
<x>:5: SyntaxWarning: invalid escape sequence '\s'
    10000/10659
<x>:5: SyntaxWarning: invalid escape sequence '\P'
<x>:6: SyntaxWarning: invalid escape sequence '\P'
<x>:17: SyntaxWarning: invalid escape sequence '\%'
<x>:10: SyntaxWarning: invalid escape sequence '\s'
<x>:14: SyntaxWarning: invalid escape sequence '\d'
<x>:15: SyntaxWarning: invalid escape sequence '\w'
<x>:5: SyntaxWarning: invalid escape sequence '\W'
<x>:5: SyntaxWarning: invalid escape sequence '\W'
<x>:8: SyntaxWarning: invalid escape sequence '\s'
<x>:3: SyntaxWarning: invalid escape sequence '\['
<x>:8: SyntaxWarning: invalid escape sequence '\W'
<x>:4: SyntaxWarning: invalid escape sequence '\d'
<x>:5: SyntaxWarning: invalid escape sequence '\d'
  A1_format_norm: fail=0 line_change=10659 compile_fail_after=0 tok 2786882 -> 2781410 (-0.20%)
[3] apply A2_comments_masked
<x>:5: SyntaxWarning: invalid escape sequence '\P'
<x>:6: SyntaxWarning: invalid escape sequence '\P'
<x>:7: SyntaxWarning: invalid escape sequence '\ '
<x>:12: SyntaxWarning: invalid escape sequence '\d'
<x>:4: SyntaxWarning: invalid escape sequence '\W'
<x>:5: SyntaxWarning: invalid escape sequence '\W'
<x>:4: SyntaxWarning: invalid escape sequence '\d'
<x>:4: SyntaxWarning: invalid escape sequence '\d'
<x>:8: SyntaxWarning: invalid escape sequence '\s'
<x>:4: SyntaxWarning: invalid escape sequence '\W'
<x>:5: SyntaxWarning: invalid escape sequence '\W'
<x>:3: SyntaxWarning: invalid escape sequence '\d'
    2000/10659
<x>:15: SyntaxWarning: invalid escape sequence '\m'
<x>:15: SyntaxWarning: invalid escape sequence '\s'
<x>:23: SyntaxWarning: invalid escape sequence '\m'
<x>:23: SyntaxWarning: invalid escape sequence '\s'
<x>:5: SyntaxWarning: invalid escape sequence '\W'
<x>:5: SyntaxWarning: invalid escape sequence '\W'
<x>:32: SyntaxWarning: invalid escape sequence '\m'
<x>:32: SyntaxWarning: invalid escape sequence '\s'
<x>:5: SyntaxWarning: invalid escape sequence '\.'
<x>:17: SyntaxWarning: invalid escape sequence '\s'
<x>:13: SyntaxWarning: invalid escape sequence '\d'
<x>:38: SyntaxWarning: invalid escape sequence '\m'
<x>:38: SyntaxWarning: invalid escape sequence '\s'
<x>:16: SyntaxWarning: invalid escape sequence '\s'
<x>:7: SyntaxWarning: invalid escape sequence '\d'
<x>:4: SyntaxWarning: invalid escape sequence '\W'
<x>:5: SyntaxWarning: invalid escape sequence '\W'
<x>:3: SyntaxWarning: invalid escape sequence '\d'
<x>:4: SyntaxWarning: invalid escape sequence '\d'
    4000/10659
<x>:20: SyntaxWarning: invalid escape sequence '\w'
<x>:17: SyntaxWarning: invalid escape sequence '\m'
<x>:17: SyntaxWarning: invalid escape sequence '\s'
<x>:5: SyntaxWarning: invalid escape sequence '\P'
<x>:6: SyntaxWarning: invalid escape sequence '\P'
<x>:7: SyntaxWarning: invalid escape sequence '\d'
<x>:4: SyntaxWarning: invalid escape sequence '\W'
<x>:5: SyntaxWarning: invalid escape sequence '\W'
<x>:11: SyntaxWarning: invalid escape sequence '\d'
<x>:3: SyntaxWarning: invalid escape sequence '\d'
<x>:4: SyntaxWarning: invalid escape sequence '\d'
<x>:14: SyntaxWarning: invalid escape sequence '\d'
<x>:32: SyntaxWarning: invalid escape sequence '\d'
<x>:27: SyntaxWarning: invalid escape sequence '\m'
<x>:27: SyntaxWarning: invalid escape sequence '\s'
<x>:5: SyntaxWarning: invalid escape sequence '\P'
<x>:6: SyntaxWarning: invalid escape sequence '\P'
<x>:10: SyntaxWarning: invalid escape sequence '\('
<x>:7: SyntaxWarning: invalid escape sequence '\d'
<x>:11: SyntaxWarning: invalid escape sequence '\.'
<x>:5: SyntaxWarning: invalid escape sequence '\W'
<x>:5: SyntaxWarning: invalid escape sequence '\W'
<x>:11: SyntaxWarning: invalid escape sequence '\d'
<x>:3: SyntaxWarning: invalid escape sequence '\d'
<x>:4: SyntaxWarning: invalid escape sequence '\d'
<x>:8: SyntaxWarning: invalid escape sequence '\('
    6000/10659
<x>:5: SyntaxWarning: invalid escape sequence '\P'
<x>:6: SyntaxWarning: invalid escape sequence '\P'
<x>:10: SyntaxWarning: invalid escape sequence '\('
<x>:7: SyntaxWarning: invalid escape sequence '\ '
<x>:11: SyntaxWarning: invalid escape sequence '\.'
<x>:11: SyntaxWarning: invalid escape sequence '\d'
<x>:4: SyntaxWarning: invalid escape sequence '\W'
<x>:5: SyntaxWarning: invalid escape sequence '\W'
<x>:11: SyntaxWarning: invalid escape sequence '\d'
<x>:10: SyntaxWarning: invalid escape sequence '\d'
<x>:11: SyntaxWarning: invalid escape sequence '\['
<x>:11: SyntaxWarning: invalid escape sequence '\.'
<x>:11: SyntaxWarning: invalid escape sequence '\w'
<x>:3: SyntaxWarning: invalid escape sequence '\d'
<x>:10: SyntaxWarning: invalid escape sequence '\d'
<x>:4: SyntaxWarning: invalid escape sequence '\d'
<x>:10: SyntaxWarning: invalid escape sequence '\d'
<x>:5: SyntaxWarning: invalid escape sequence '\P'
<x>:6: SyntaxWarning: invalid escape sequence '\P'
<x>:7: SyntaxWarning: invalid escape sequence '\ '
<x>:4: SyntaxWarning: invalid escape sequence '\W'
<x>:5: SyntaxWarning: invalid escape sequence '\W'
<x>:11: SyntaxWarning: invalid escape sequence '\d'
<x>:16: SyntaxWarning: invalid escape sequence '\s'
<x>:19: SyntaxWarning: invalid escape sequence '\w'
<x>:3: SyntaxWarning: invalid escape sequence '\d'
<x>:10: SyntaxWarning: invalid escape sequence '\d'
<x>:4: SyntaxWarning: invalid escape sequence '\d'
<x>:8: SyntaxWarning: invalid escape sequence '\s'
    8000/10659
<x>:6: SyntaxWarning: invalid escape sequence '\.'
<x>:5: SyntaxWarning: invalid escape sequence '\W'
<x>:5: SyntaxWarning: invalid escape sequence '\W'
<x>:7: SyntaxWarning: invalid escape sequence '\['
<x>:3: SyntaxWarning: invalid escape sequence '\d'
<x>:4: SyntaxWarning: invalid escape sequence '\d'
<x>:35: SyntaxWarning: invalid escape sequence '\P'
<x>:6: SyntaxWarning: invalid escape sequence '\s'
<x>:5: SyntaxWarning: invalid escape sequence '\W'
<x>:5: SyntaxWarning: invalid escape sequence '\W'
<x>:4: SyntaxWarning: invalid escape sequence '\d'
<x>:5: SyntaxWarning: invalid escape sequence '\d'
<x>:8: SyntaxWarning: invalid escape sequence '\s'
<x>:5: SyntaxWarning: invalid escape sequence '\s'
    10000/10659
<x>:5: SyntaxWarning: invalid escape sequence '\P'
<x>:6: SyntaxWarning: invalid escape sequence '\P'
<x>:17: SyntaxWarning: invalid escape sequence '\%'
<x>:10: SyntaxWarning: invalid escape sequence '\s'
<x>:14: SyntaxWarning: invalid escape sequence '\d'
<x>:15: SyntaxWarning: invalid escape sequence '\w'
<x>:5: SyntaxWarning: invalid escape sequence '\W'
<x>:5: SyntaxWarning: invalid escape sequence '\W'
<x>:8: SyntaxWarning: invalid escape sequence '\s'
<x>:3: SyntaxWarning: invalid escape sequence '\['
<x>:8: SyntaxWarning: invalid escape sequence '\W'
<x>:4: SyntaxWarning: invalid escape sequence '\d'
<x>:5: SyntaxWarning: invalid escape sequence '\d'
  A2_comments_masked: fail=0 line_change=0 compile_fail_after=0 tok 2786882 -> 2432360 (-12.72%)
[3] apply A3_literals_masked
    2000/10659
    4000/10659
    6000/10659
    8000/10659
    10000/10659
  A3_literals_masked: fail=0 line_change=2917 compile_fail_after=0 tok 2786882 -> 2415149 (-13.34%)
done in 49.7s
