nohup: ignoring input
  [assets] sizelen NaN filled: 71706 rows, median=1.130, +missing_flag
[f0] F0-A 115-way
[f0a][h_complete] top1=0.0655 top5=0.2218 bal=0.0655 macroF1=0.0410 (chance 0.0087)
[f0a][h_instruct] top1=0.0876 top5=0.2679 bal=0.0876 macroF1=0.0592 (chance 0.0087)
[f0a][delta] top1=0.0809 top5=0.2423 bal=0.0809 macroF1=0.0590 (chance 0.0087)
[f0a][u] top1=0.1281 top5=0.3554 bal=0.1281 macroF1=0.0990 (chance 0.0087)
[f0a][p0] top1=0.0178 top5=0.0787 bal=0.0178 macroF1=0.0116 (chance 0.0087)
[f0] F0-A open-set (2 folds)
/pytorch/aten/src/ATen/native/cuda/Loss.cu:245: nll_loss_forward_reduce_cuda_kernel_2d: block: [0,0,0], thread: [42,0,0] Assertion `t >= 0 && t < n_classes` failed.
/pytorch/aten/src/ATen/native/cuda/Loss.cu:245: nll_loss_forward_reduce_cuda_kernel_2d: block: [0,0,0], thread: [43,0,0] Assertion `t >= 0 && t < n_classes` failed.
/pytorch/aten/src/ATen/native/cuda/Loss.cu:245: nll_loss_forward_reduce_cuda_kernel_2d: block: [0,0,0], thread: [44,0,0] Assertion `t >= 0 && t < n_classes` failed.
/pytorch/aten/src/ATen/native/cuda/Loss.cu:245: nll_loss_forward_reduce_cuda_kernel_2d: block: [0,0,0], thread: [47,0,0] Assertion `t >= 0 && t < n_classes` failed.
/pytorch/aten/src/ATen/native/cuda/Loss.cu:245: nll_loss_forward_reduce_cuda_kernel_2d: block: [0,0,0], thread: [52,0,0] Assertion `t >= 0 && t < n_classes` failed.
/pytorch/aten/src/ATen/native/cuda/Loss.cu:245: nll_loss_forward_reduce_cuda_kernel_2d: block: [0,0,0], thread: [130,0,0] Assertion `t >= 0 && t < n_classes` failed.
/pytorch/aten/src/ATen/native/cuda/Loss.cu:245: nll_loss_forward_reduce_cuda_kernel_2d: block: [0,0,0], thread: [131,0,0] Assertion `t >= 0 && t < n_classes` failed.
/pytorch/aten/src/ATen/native/cuda/Loss.cu:245: nll_loss_forward_reduce_cuda_kernel_2d: block: [0,0,0], thread: [134,0,0] Assertion `t >= 0 && t < n_classes` failed.
/pytorch/aten/src/ATen/native/cuda/Loss.cu:245: nll_loss_forward_reduce_cuda_kernel_2d: block: [0,0,0], thread: [138,0,0] Assertion `t >= 0 && t < n_classes` failed.
/pytorch/aten/src/ATen/native/cuda/Loss.cu:245: nll_loss_forward_reduce_cuda_kernel_2d: block: [0,0,0], thread: [141,0,0] Assertion `t >= 0 && t < n_classes` failed.
/pytorch/aten/src/ATen/native/cuda/Loss.cu:245: nll_loss_forward_reduce_cuda_kernel_2d: block: [0,0,0], thread: [153,0,0] Assertion `t >= 0 && t < n_classes` failed.
/pytorch/aten/src/ATen/native/cuda/Loss.cu:245: nll_loss_forward_reduce_cuda_kernel_2d: block: [0,0,0], thread: [195,0,0] Assertion `t >= 0 && t < n_classes` failed.
/pytorch/aten/src/ATen/native/cuda/Loss.cu:245: nll_loss_forward_reduce_cuda_kernel_2d: block: [0,0,0], thread: [199,0,0] Assertion `t >= 0 && t < n_classes` failed.
/pytorch/aten/src/ATen/native/cuda/Loss.cu:245: nll_loss_forward_reduce_cuda_kernel_2d: block: [0,0,0], thread: [204,0,0] Assertion `t >= 0 && t < n_classes` failed.
/pytorch/aten/src/ATen/native/cuda/Loss.cu:245: nll_loss_forward_reduce_cuda_kernel_2d: block: [0,0,0], thread: [216,0,0] Assertion `t >= 0 && t < n_classes` failed.
/pytorch/aten/src/ATen/native/cuda/Loss.cu:245: nll_loss_forward_reduce_cuda_kernel_2d: block: [0,0,0], thread: [219,0,0] Assertion `t >= 0 && t < n_classes` failed.
/pytorch/aten/src/ATen/native/cuda/Loss.cu:245: nll_loss_forward_reduce_cuda_kernel_2d: block: [0,0,0], thread: [116,0,0] Assertion `t >= 0 && t < n_classes` failed.
/pytorch/aten/src/ATen/native/cuda/Loss.cu:245: nll_loss_forward_reduce_cuda_kernel_2d: block: [0,0,0], thread: [119,0,0] Assertion `t >= 0 && t < n_classes` failed.
/pytorch/aten/src/ATen/native/cuda/Loss.cu:245: nll_loss_forward_reduce_cuda_kernel_2d: block: [0,0,0], thread: [127,0,0] Assertion `t >= 0 && t < n_classes` failed.
/pytorch/aten/src/ATen/native/cuda/Loss.cu:245: nll_loss_forward_reduce_cuda_kernel_2d: block: [0,0,0], thread: [65,0,0] Assertion `t >= 0 && t < n_classes` failed.
/pytorch/aten/src/ATen/native/cuda/Loss.cu:245: nll_loss_forward_reduce_cuda_kernel_2d: block: [0,0,0], thread: [66,0,0] Assertion `t >= 0 && t < n_classes` failed.
/pytorch/aten/src/ATen/native/cuda/Loss.cu:245: nll_loss_forward_reduce_cuda_kernel_2d: block: [0,0,0], thread: [67,0,0] Assertion `t >= 0 && t < n_classes` failed.
/pytorch/aten/src/ATen/native/cuda/Loss.cu:245: nll_loss_forward_reduce_cuda_kernel_2d: block: [0,0,0], thread: [70,0,0] Assertion `t >= 0 && t < n_classes` failed.
/pytorch/aten/src/ATen/native/cuda/Loss.cu:245: nll_loss_forward_reduce_cuda_kernel_2d: block: [0,0,0], thread: [86,0,0] Assertion `t >= 0 && t < n_classes` failed.
/pytorch/aten/src/ATen/native/cuda/Loss.cu:245: nll_loss_forward_reduce_cuda_kernel_2d: block: [0,0,0], thread: [88,0,0] Assertion `t >= 0 && t < n_classes` failed.
/pytorch/aten/src/ATen/native/cuda/Loss.cu:245: nll_loss_forward_reduce_cuda_kernel_2d: block: [0,0,0], thread: [92,0,0] Assertion `t >= 0 && t < n_classes` failed.
/pytorch/aten/src/ATen/native/cuda/Loss.cu:245: nll_loss_forward_reduce_cuda_kernel_2d: block: [0,0,0], thread: [225,0,0] Assertion `t >= 0 && t < n_classes` failed.
/pytorch/aten/src/ATen/native/cuda/Loss.cu:245: nll_loss_forward_reduce_cuda_kernel_2d: block: [0,0,0], thread: [233,0,0] Assertion `t >= 0 && t < n_classes` failed.
/pytorch/aten/src/ATen/native/cuda/Loss.cu:245: nll_loss_forward_reduce_cuda_kernel_2d: block: [0,0,0], thread: [239,0,0] Assertion `t >= 0 && t < n_classes` failed.
/pytorch/aten/src/ATen/native/cuda/Loss.cu:245: nll_loss_forward_reduce_cuda_kernel_2d: block: [0,0,0], thread: [240,0,0] Assertion `t >= 0 && t < n_classes` failed.
/pytorch/aten/src/ATen/native/cuda/Loss.cu:245: nll_loss_forward_reduce_cuda_kernel_2d: block: [0,0,0], thread: [243,0,0] Assertion `t >= 0 && t < n_classes` failed.
/pytorch/aten/src/ATen/native/cuda/Loss.cu:245: nll_loss_forward_reduce_cuda_kernel_2d: block: [0,0,0], thread: [255,0,0] Assertion `t >= 0 && t < n_classes` failed.
/pytorch/aten/src/ATen/native/cuda/Loss.cu:245: nll_loss_forward_reduce_cuda_kernel_2d: block: [0,0,0], thread: [0,0,0] Assertion `t >= 0 && t < n_classes` failed.
/pytorch/aten/src/ATen/native/cuda/Loss.cu:245: nll_loss_forward_reduce_cuda_kernel_2d: block: [0,0,0], thread: [1,0,0] Assertion `t >= 0 && t < n_classes` failed.
/pytorch/aten/src/ATen/native/cuda/Loss.cu:245: nll_loss_forward_reduce_cuda_kernel_2d: block: [0,0,0], thread: [11,0,0] Assertion `t >= 0 && t < n_classes` failed.
/pytorch/aten/src/ATen/native/cuda/Loss.cu:245: nll_loss_forward_reduce_cuda_kernel_2d: block: [0,0,0], thread: [22,0,0] Assertion `t >= 0 && t < n_classes` failed.
/pytorch/aten/src/ATen/native/cuda/Loss.cu:245: nll_loss_forward_reduce_cuda_kernel_2d: block: [0,0,0], thread: [23,0,0] Assertion `t >= 0 && t < n_classes` failed.
/pytorch/aten/src/ATen/native/cuda/Loss.cu:245: nll_loss_forward_reduce_cuda_kernel_2d: block: [0,0,0], thread: [27,0,0] Assertion `t >= 0 && t < n_classes` failed.
/pytorch/aten/src/ATen/native/cuda/Loss.cu:245: nll_loss_forward_reduce_cuda_kernel_2d: block: [0,0,0], thread: [29,0,0] Assertion `t >= 0 && t < n_classes` failed.
/pytorch/aten/src/ATen/native/cuda/Loss.cu:245: nll_loss_forward_reduce_cuda_kernel_2d: block: [0,0,0], thread: [30,0,0] Assertion `t >= 0 && t < n_classes` failed.
/pytorch/aten/src/ATen/native/cuda/Loss.cu:245: nll_loss_forward_reduce_cuda_kernel_2d: block: [0,0,0], thread: [164,0,0] Assertion `t >= 0 && t < n_classes` failed.
/pytorch/aten/src/ATen/native/cuda/Loss.cu:245: nll_loss_forward_reduce_cuda_kernel_2d: block: [0,0,0], thread: [170,0,0] Assertion `t >= 0 && t < n_classes` failed.
/pytorch/aten/src/ATen/native/cuda/Loss.cu:245: nll_loss_forward_reduce_cuda_kernel_2d: block: [0,0,0], thread: [175,0,0] Assertion `t >= 0 && t < n_classes` failed.
/pytorch/aten/src/ATen/native/cuda/Loss.cu:245: nll_loss_forward_reduce_cuda_kernel_2d: block: [0,0,0], thread: [183,0,0] Assertion `t >= 0 && t < n_classes` failed.
/pytorch/aten/src/ATen/native/cuda/Loss.cu:245: nll_loss_forward_reduce_cuda_kernel_2d: block: [0,0,0], thread: [184,0,0] Assertion `t >= 0 && t < n_classes` failed.
/pytorch/aten/src/ATen/native/cuda/Loss.cu:245: nll_loss_forward_reduce_cuda_kernel_2d: block: [0,0,0], thread: [185,0,0] Assertion `t >= 0 && t < n_classes` failed.
/pytorch/aten/src/ATen/native/cuda/Loss.cu:245: nll_loss_forward_reduce_cuda_kernel_2d: block: [0,0,0], thread: [188,0,0] Assertion `t >= 0 && t < n_classes` failed.
/pytorch/aten/src/ATen/native/cuda/Loss.cu:245: nll_loss_forward_reduce_cuda_kernel_2d: block: [0,0,0], thread: [189,0,0] Assertion `t >= 0 && t < n_classes` failed.
/pytorch/aten/src/ATen/native/cuda/Loss.cu:245: nll_loss_forward_reduce_cuda_kernel_2d: block: [0,0,0], thread: [191,0,0] Assertion `t >= 0 && t < n_classes` failed.
Traceback (most recent call last):
  File "/root/autodl-tmp/u-det/scripts/core_f0_attribution.py", line 264, in <module>
    main()
  File "/root/autodl-tmp/u-det/scripts/core_f0_attribution.py", line 234, in main
    f0a_openset(A, results)
  File "/root/autodl-tmp/u-det/scripts/core_f0_attribution.py", line 166, in f0a_openset
    net = fit_softmax(Vtr["u"], mi_tr, len(fitm), epochs=6)
          ^^^^^^^^^^^^^^^^^^^^^^^^^^^^^^^^^^^^^^^^^^^^^^^^^
  File "/root/autodl-tmp/u-det/scripts/core_f0_attribution.py", line 72, in fit_softmax
    tot += float(loss.detach())
           ^^^^^^^^^^^^^^^^^^^^
torch.AcceleratorError: CUDA error: device-side assert triggered
Search for `cudaErrorAssert' in https://docs.nvidia.com/cuda/cuda-runtime-api/group__CUDART__TYPES.html for more information.
CUDA kernel errors might be asynchronously reported at some other API call, so the stacktrace below might be incorrect.
For debugging consider passing CUDA_LAUNCH_BLOCKING=1
Compile with `TORCH_USE_CUDA_DSA` to enable device-side assertions.

